model=quantized_xslim_dynamic/models/MOSS-TTS-Nano-100M-ONNX/moss_tts_local_decoder.onnx ep=cpu
available_providers=CPUExecutionProvider,
cpu_ep_init=default
session_create_ms=627.698976
input_count=3
input[0] name=global_hidden type=1 elem=1 shape=[1,768]
input[1] name=text_token_id type=1 elem=6 shape=[1]
input[2] name=audio_prefix_token_ids type=1 elem=6 shape=[1,15]
output_count=2
output[0] name=text_logits type=1 elem=1 shape=[1,16384]
output[1] name=audio_logits type=1 elem=1 shape=[1,16,1024]
ep_assignment_count=250
ep_assignment[0] ep=CPUExecutionProvider nodes=1
ep_assignment[1] ep=CPUExecutionProvider nodes=1
ep_assignment[2] ep=CPUExecutionProvider nodes=1
ep_assignment[3] ep=CPUExecutionProvider nodes=1
ep_assignment[4] ep=CPUExecutionProvider nodes=1
ep_assignment[5] ep=CPUExecutionProvider nodes=1
ep_assignment[6] ep=CPUExecutionProvider nodes=1
ep_assignment[7] ep=CPUExecutionProvider nodes=1
ep_assignment[8] ep=CPUExecutionProvider nodes=1
ep_assignment[9] ep=CPUExecutionProvider nodes=1
ep_assignment[10] ep=CPUExecutionProvider nodes=1
ep_assignment[11] ep=CPUExecutionProvider nodes=1
ep_assignment[12] ep=CPUExecutionProvider nodes=1
ep_assignment[13] ep=CPUExecutionProvider nodes=1
ep_assignment[14] ep=CPUExecutionProvider nodes=1
ep_assignment[15] ep=CPUExecutionProvider nodes=1
ep_assignment[16] ep=CPUExecutionProvider nodes=1
ep_assignment[17] ep=CPUExecutionProvider nodes=1
ep_assignment[18] ep=CPUExecutionProvider nodes=1
ep_assignment[19] ep=CPUExecutionProvider nodes=1
ep_assignment[20] ep=CPUExecutionProvider nodes=1
ep_assignment[21] ep=CPUExecutionProvider nodes=1
ep_assignment[22] ep=CPUExecutionProvider nodes=1
ep_assignment[23] ep=CPUExecutionProvider nodes=1
ep_assignment[24] ep=CPUExecutionProvider nodes=1
ep_assignment[25] ep=CPUExecutionProvider nodes=1
ep_assignment[26] ep=CPUExecutionProvider nodes=1
ep_assignment[27] ep=CPUExecutionProvider nodes=1
ep_assignment[28] ep=CPUExecutionProvider nodes=1
ep_assignment[29] ep=CPUExecutionProvider nodes=1
ep_assignment[30] ep=CPUExecutionProvider nodes=1
ep_assignment[31] ep=CPUExecutionProvider nodes=1
ep_assignment[32] ep=CPUExecutionProvider nodes=1
ep_assignment[33] ep=CPUExecutionProvider nodes=1
ep_assignment[34] ep=CPUExecutionProvider nodes=1
ep_assignment[35] ep=CPUExecutionProvider nodes=1
ep_assignment[36] ep=CPUExecutionProvider nodes=1
ep_assignment[37] ep=CPUExecutionProvider nodes=1
ep_assignment[38] ep=CPUExecutionProvider nodes=1
ep_assignment[39] ep=CPUExecutionProvider nodes=1
ep_assignment[40] ep=CPUExecutionProvider nodes=1
ep_assignment[41] ep=CPUExecutionProvider nodes=1
ep_assignment[42] ep=CPUExecutionProvider nodes=1
ep_assignment[43] ep=CPUExecutionProvider nodes=1
ep_assignment[44] ep=CPUExecutionProvider nodes=1
ep_assignment[45] ep=CPUExecutionProvider nodes=1
ep_assignment[46] ep=CPUExecutionProvider nodes=1
ep_assignment[47] ep=CPUExecutionProvider nodes=1
ep_assignment[48] ep=CPUExecutionProvider nodes=1
ep_assignment[49] ep=CPUExecutionProvider nodes=1
ep_assignment[50] ep=CPUExecutionProvider nodes=1
ep_assignment[51] ep=CPUExecutionProvider nodes=1
ep_assignment[52] ep=CPUExecutionProvider nodes=1
ep_assignment[53] ep=CPUExecutionProvider nodes=1
ep_assignment[54] ep=CPUExecutionProvider nodes=1
ep_assignment[55] ep=CPUExecutionProvider nodes=1
ep_assignment[56] ep=CPUExecutionProvider nodes=1
ep_assignment[57] ep=CPUExecutionProvider nodes=1
ep_assignment[58] ep=CPUExecutionProvider nodes=1
ep_assignment[59] ep=CPUExecutionProvider nodes=1
ep_assignment[60] ep=CPUExecutionProvider nodes=1
ep_assignment[61] ep=CPUExecutionProvider nodes=1
ep_assignment[62] ep=CPUExecutionProvider nodes=1
ep_assignment[63] ep=CPUExecutionProvider nodes=1
ep_assignment[64] ep=CPUExecutionProvider nodes=1
ep_assignment[65] ep=CPUExecutionProvider nodes=1
ep_assignment[66] ep=CPUExecutionProvider nodes=1
ep_assignment[67] ep=CPUExecutionProvider nodes=1
ep_assignment[68] ep=CPUExecutionProvider nodes=1
ep_assignment[69] ep=CPUExecutionProvider nodes=1
ep_assignment[70] ep=CPUExecutionProvider nodes=1
ep_assignment[71] ep=CPUExecutionProvider nodes=1
ep_assignment[72] ep=CPUExecutionProvider nodes=1
ep_assignment[73] ep=CPUExecutionProvider nodes=1
ep_assignment[74] ep=CPUExecutionProvider nodes=1
ep_assignment[75] ep=CPUExecutionProvider nodes=1
ep_assignment[76] ep=CPUExecutionProvider nodes=1
ep_assignment[77] ep=CPUExecutionProvider nodes=1
ep_assignment[78] ep=CPUExecutionProvider nodes=1
ep_assignment[79] ep=CPUExecutionProvider nodes=1
ep_assignment[80] ep=CPUExecutionProvider nodes=1
ep_assignment[81] ep=CPUExecutionProvider nodes=1
ep_assignment[82] ep=CPUExecutionProvider nodes=1
ep_assignment[83] ep=CPUExecutionProvider nodes=1
ep_assignment[84] ep=CPUExecutionProvider nodes=1
ep_assignment[85] ep=CPUExecutionProvider nodes=1
ep_assignment[86] ep=CPUExecutionProvider nodes=1
ep_assignment[87] ep=CPUExecutionProvider nodes=1
ep_assignment[88] ep=CPUExecutionProvider nodes=1
ep_assignment[89] ep=CPUExecutionProvider nodes=1
ep_assignment[90] ep=CPUExecutionProvider nodes=1
ep_assignment[91] ep=CPUExecutionProvider nodes=1
ep_assignment[92] ep=CPUExecutionProvider nodes=1
ep_assignment[93] ep=CPUExecutionProvider nodes=1
ep_assignment[94] ep=CPUExecutionProvider nodes=1
ep_assignment[95] ep=CPUExecutionProvider nodes=1
ep_assignment[96] ep=CPUExecutionProvider nodes=1
ep_assignment[97] ep=CPUExecutionProvider nodes=1
ep_assignment[98] ep=CPUExecutionProvider nodes=1
ep_assignment[99] ep=CPUExecutionProvider nodes=1
ep_assignment[100] ep=CPUExecutionProvider nodes=1
ep_assignment[101] ep=CPUExecutionProvider nodes=1
ep_assignment[102] ep=CPUExecutionProvider nodes=1
ep_assignment[103] ep=CPUExecutionProvider nodes=1
ep_assignment[104] ep=CPUExecutionProvider nodes=1
ep_assignment[105] ep=CPUExecutionProvider nodes=1
ep_assignment[106] ep=CPUExecutionProvider nodes=1
ep_assignment[107] ep=CPUExecutionProvider nodes=1
ep_assignment[108] ep=CPUExecutionProvider nodes=1
ep_assignment[109] ep=CPUExecutionProvider nodes=1
ep_assignment[110] ep=CPUExecutionProvider nodes=1
ep_assignment[111] ep=CPUExecutionProvider nodes=1
ep_assignment[112] ep=CPUExecutionProvider nodes=1
ep_assignment[113] ep=CPUExecutionProvider nodes=1
ep_assignment[114] ep=CPUExecutionProvider nodes=1
ep_assignment[115] ep=CPUExecutionProvider nodes=1
ep_assignment[116] ep=CPUExecutionProvider nodes=1
ep_assignment[117] ep=CPUExecutionProvider nodes=1
ep_assignment[118] ep=CPUExecutionProvider nodes=1
ep_assignment[119] ep=CPUExecutionProvider nodes=1
ep_assignment[120] ep=CPUExecutionProvider nodes=1
ep_assignment[121] ep=CPUExecutionProvider nodes=1
ep_assignment[122] ep=CPUExecutionProvider nodes=1
ep_assignment[123] ep=CPUExecutionProvider nodes=1
ep_assignment[124] ep=CPUExecutionProvider nodes=1
ep_assignment[125] ep=CPUExecutionProvider nodes=1
ep_assignment[126] ep=CPUExecutionProvider nodes=1
ep_assignment[127] ep=CPUExecutionProvider nodes=1
ep_assignment[128] ep=CPUExecutionProvider nodes=1
ep_assignment[129] ep=CPUExecutionProvider nodes=1
ep_assignment[130] ep=CPUExecutionProvider nodes=1
ep_assignment[131] ep=CPUExecutionProvider nodes=1
ep_assignment[132] ep=CPUExecutionProvider nodes=1
ep_assignment[133] ep=CPUExecutionProvider nodes=1
ep_assignment[134] ep=CPUExecutionProvider nodes=1
ep_assignment[135] ep=CPUExecutionProvider nodes=1
ep_assignment[136] ep=CPUExecutionProvider nodes=1
ep_assignment[137] ep=CPUExecutionProvider nodes=1
ep_assignment[138] ep=CPUExecutionProvider nodes=1
ep_assignment[139] ep=CPUExecutionProvider nodes=1
ep_assignment[140] ep=CPUExecutionProvider nodes=1
ep_assignment[141] ep=CPUExecutionProvider nodes=1
ep_assignment[142] ep=CPUExecutionProvider nodes=1
ep_assignment[143] ep=CPUExecutionProvider nodes=1
ep_assignment[144] ep=CPUExecutionProvider nodes=1
ep_assignment[145] ep=CPUExecutionProvider nodes=1
ep_assignment[146] ep=CPUExecutionProvider nodes=1
ep_assignment[147] ep=CPUExecutionProvider nodes=1
ep_assignment[148] ep=CPUExecutionProvider nodes=1
ep_assignment[149] ep=CPUExecutionProvider nodes=1
ep_assignment[150] ep=CPUExecutionProvider nodes=1
ep_assignment[151] ep=CPUExecutionProvider nodes=1
ep_assignment[152] ep=CPUExecutionProvider nodes=1
ep_assignment[153] ep=CPUExecutionProvider nodes=1
ep_assignment[154] ep=CPUExecutionProvider nodes=1
ep_assignment[155] ep=CPUExecutionProvider nodes=1
ep_assignment[156] ep=CPUExecutionProvider nodes=1
ep_assignment[157] ep=CPUExecutionProvider nodes=1
ep_assignment[158] ep=CPUExecutionProvider nodes=1
ep_assignment[159] ep=CPUExecutionProvider nodes=1
ep_assignment[160] ep=CPUExecutionProvider nodes=1
ep_assignment[161] ep=CPUExecutionProvider nodes=1
ep_assignment[162] ep=CPUExecutionProvider nodes=1
ep_assignment[163] ep=CPUExecutionProvider nodes=1
ep_assignment[164] ep=CPUExecutionProvider nodes=1
ep_assignment[165] ep=CPUExecutionProvider nodes=1
ep_assignment[166] ep=CPUExecutionProvider nodes=1
ep_assignment[167] ep=CPUExecutionProvider nodes=1
ep_assignment[168] ep=CPUExecutionProvider nodes=1
ep_assignment[169] ep=CPUExecutionProvider nodes=1
ep_assignment[170] ep=CPUExecutionProvider nodes=1
ep_assignment[171] ep=CPUExecutionProvider nodes=1
ep_assignment[172] ep=CPUExecutionProvider nodes=1
ep_assignment[173] ep=CPUExecutionProvider nodes=1
ep_assignment[174] ep=CPUExecutionProvider nodes=1
ep_assignment[175] ep=CPUExecutionProvider nodes=1
ep_assignment[176] ep=CPUExecutionProvider nodes=1
ep_assignment[177] ep=CPUExecutionProvider nodes=1
ep_assignment[178] ep=CPUExecutionProvider nodes=1
ep_assignment[179] ep=CPUExecutionProvider nodes=1
ep_assignment[180] ep=CPUExecutionProvider nodes=1
ep_assignment[181] ep=CPUExecutionProvider nodes=1
ep_assignment[182] ep=CPUExecutionProvider nodes=1
ep_assignment[183] ep=CPUExecutionProvider nodes=1
ep_assignment[184] ep=CPUExecutionProvider nodes=1
ep_assignment[185] ep=CPUExecutionProvider nodes=1
ep_assignment[186] ep=CPUExecutionProvider nodes=1
ep_assignment[187] ep=CPUExecutionProvider nodes=1
ep_assignment[188] ep=CPUExecutionProvider nodes=1
ep_assignment[189] ep=CPUExecutionProvider nodes=1
ep_assignment[190] ep=CPUExecutionProvider nodes=1
ep_assignment[191] ep=CPUExecutionProvider nodes=1
ep_assignment[192] ep=CPUExecutionProvider nodes=1
ep_assignment[193] ep=CPUExecutionProvider nodes=1
ep_assignment[194] ep=CPUExecutionProvider nodes=1
ep_assignment[195] ep=CPUExecutionProvider nodes=1
ep_assignment[196] ep=CPUExecutionProvider nodes=1
ep_assignment[197] ep=CPUExecutionProvider nodes=1
ep_assignment[198] ep=CPUExecutionProvider nodes=1
ep_assignment[199] ep=CPUExecutionProvider nodes=1
ep_assignment[200] ep=CPUExecutionProvider nodes=1
ep_assignment[201] ep=CPUExecutionProvider nodes=1
ep_assignment[202] ep=CPUExecutionProvider nodes=1
ep_assignment[203] ep=CPUExecutionProvider nodes=1
ep_assignment[204] ep=CPUExecutionProvider nodes=1
ep_assignment[205] ep=CPUExecutionProvider nodes=1
ep_assignment[206] ep=CPUExecutionProvider nodes=1
ep_assignment[207] ep=CPUExecutionProvider nodes=1
ep_assignment[208] ep=CPUExecutionProvider nodes=1
ep_assignment[209] ep=CPUExecutionProvider nodes=1
ep_assignment[210] ep=CPUExecutionProvider nodes=1
ep_assignment[211] ep=CPUExecutionProvider nodes=1
ep_assignment[212] ep=CPUExecutionProvider nodes=1
ep_assignment[213] ep=CPUExecutionProvider nodes=1
ep_assignment[214] ep=CPUExecutionProvider nodes=1
ep_assignment[215] ep=CPUExecutionProvider nodes=1
ep_assignment[216] ep=CPUExecutionProvider nodes=1
ep_assignment[217] ep=CPUExecutionProvider nodes=1
ep_assignment[218] ep=CPUExecutionProvider nodes=1
ep_assignment[219] ep=CPUExecutionProvider nodes=1
ep_assignment[220] ep=CPUExecutionProvider nodes=1
ep_assignment[221] ep=CPUExecutionProvider nodes=1
ep_assignment[222] ep=CPUExecutionProvider nodes=1
ep_assignment[223] ep=CPUExecutionProvider nodes=1
ep_assignment[224] ep=CPUExecutionProvider nodes=1
ep_assignment[225] ep=CPUExecutionProvider nodes=1
ep_assignment[226] ep=CPUExecutionProvider nodes=1
ep_assignment[227] ep=CPUExecutionProvider nodes=1
ep_assignment[228] ep=CPUExecutionProvider nodes=1
ep_assignment[229] ep=CPUExecutionProvider nodes=1
ep_assignment[230] ep=CPUExecutionProvider nodes=1
ep_assignment[231] ep=CPUExecutionProvider nodes=1
ep_assignment[232] ep=CPUExecutionProvider nodes=1
ep_assignment[233] ep=CPUExecutionProvider nodes=1
ep_assignment[234] ep=CPUExecutionProvider nodes=1
ep_assignment[235] ep=CPUExecutionProvider nodes=1
ep_assignment[236] ep=CPUExecutionProvider nodes=1
ep_assignment[237] ep=CPUExecutionProvider nodes=1
ep_assignment[238] ep=CPUExecutionProvider nodes=1
ep_assignment[239] ep=CPUExecutionProvider nodes=1
ep_assignment[240] ep=CPUExecutionProvider nodes=1
ep_assignment[241] ep=CPUExecutionProvider nodes=1
ep_assignment[242] ep=CPUExecutionProvider nodes=1
ep_assignment[243] ep=CPUExecutionProvider nodes=1
ep_assignment[244] ep=CPUExecutionProvider nodes=1
ep_assignment[245] ep=CPUExecutionProvider nodes=1
ep_assignment[246] ep=CPUExecutionProvider nodes=1
ep_assignment[247] ep=CPUExecutionProvider nodes=1
ep_assignment[248] ep=CPUExecutionProvider nodes=1
ep_assignment[249] ep=CPUExecutionProvider nodes=1
run_iters=5 total_ms=82.124020 avg_ms=16.424804
