=== 2026-08-24T21:32:59+08:00 models/MOSS-TTS-Nano-100M-ONNX/moss_tts_decode_step.onnx -> quantized_xslim_dynamic/tts/moss_tts_decode_step.q.onnx ===
2026-08-24 21:33:01 | [1m__main__                [0m | [1mINFO    [0m | [1mNo config provided, using default config, dynamic quantization...[0m
2026-08-24 21:33:01 | [1mxslim.xslim_setting     [0m | [1mINFO    [0m | [1mset higher precision level.[0m
2026-08-24 21:33:01 | [1mxslim.xslim_pipeline    [0m | [1mINFO    [0m | [1musing api input onnx model models/MOSS-TTS-Nano-100M-ONNX/moss_tts_decode_step.onnx.[0m
2026-08-24 21:33:01 | [1mxslim.xslim_pipeline    [0m | [1mINFO    [0m | [1musing api output path quantized_xslim_dynamic/tts/moss_tts_decode_step.q.onnx.[0m
2026-08-24 21:33:11 | [1mxslim.onnx_graph_helper [0m | [1mINFO    [0m | [1msimplify onnx model...[0m
2026-08-24 21:33:25 | [1mxslim.quantizer.dynamic_quantizer[0m | [1mINFO    [0m | [1mquantize onnx model dynamic...[0m
2026-08-24 21:33:29 | [1mxslim.onnx_graph_helper [0m | [1mINFO    [0m | [1msimplify onnx model...[0m
2026-08-24 21:33:35 | [1mxslim.xslim_pipeline    [0m | [1mINFO    [0m | [1mquantization eplased time 34.20 s[0m
=== 2026-08-24T21:33:36+08:00 models/MOSS-TTS-Nano-100M-ONNX/moss_tts_local_cached_step.onnx -> quantized_xslim_dynamic/tts/moss_tts_local_cached_step.q.onnx ===
2026-08-24 21:33:39 | [1m__main__                [0m | [1mINFO    [0m | [1mNo config provided, using default config, dynamic quantization...[0m
2026-08-24 21:33:39 | [1mxslim.xslim_setting     [0m | [1mINFO    [0m | [1mset higher precision level.[0m
2026-08-24 21:33:39 | [1mxslim.xslim_pipeline    [0m | [1mINFO    [0m | [1musing api input onnx model models/MOSS-TTS-Nano-100M-ONNX/moss_tts_local_cached_step.onnx.[0m
2026-08-24 21:33:39 | [1mxslim.xslim_pipeline    [0m | [1mINFO    [0m | [1musing api output path quantized_xslim_dynamic/tts/moss_tts_local_cached_step.q.onnx.[0m
2026-08-24 21:33:43 | [1mxslim.onnx_graph_helper [0m | [1mINFO    [0m | [1msimplify onnx model...[0m
2026-08-24 21:33:49 | [1mxslim.quantizer.dynamic_quantizer[0m | [1mINFO    [0m | [1mquantize onnx model dynamic...[0m
2026-08-24 21:33:51 | [1mxslim.onnx_graph_helper [0m | [1mINFO    [0m | [1msimplify onnx model...[0m
2026-08-24 21:33:54 | [1mxslim.xslim_pipeline    [0m | [1mINFO    [0m | [1mquantization eplased time 15.82 s[0m
=== 2026-08-24T21:33:55+08:00 models/MOSS-TTS-Nano-100M-ONNX/moss_tts_local_decoder.onnx -> quantized_xslim_dynamic/tts/moss_tts_local_decoder.q.onnx ===
2026-08-24 21:33:57 | [1m__main__                [0m | [1mINFO    [0m | [1mNo config provided, using default config, dynamic quantization...[0m
2026-08-24 21:33:57 | [1mxslim.xslim_setting     [0m | [1mINFO    [0m | [1mset higher precision level.[0m
2026-08-24 21:33:57 | [1mxslim.xslim_pipeline    [0m | [1mINFO    [0m | [1musing api input onnx model models/MOSS-TTS-Nano-100M-ONNX/moss_tts_local_decoder.onnx.[0m
2026-08-24 21:33:57 | [1mxslim.xslim_pipeline    [0m | [1mINFO    [0m | [1musing api output path quantized_xslim_dynamic/tts/moss_tts_local_decoder.q.onnx.[0m
2026-08-24 21:34:02 | [1mxslim.onnx_graph_helper [0m | [1mINFO    [0m | [1msimplify onnx model...[0m
2026-08-24 21:34:07 | [1mxslim.quantizer.dynamic_quantizer[0m | [1mINFO    [0m | [1mquantize onnx model dynamic...[0m
2026-08-24 21:34:09 | [1mxslim.onnx_graph_helper [0m | [1mINFO    [0m | [1msimplify onnx model...[0m
2026-08-24 21:34:13 | [1mxslim.xslim_pipeline    [0m | [1mINFO    [0m | [1mquantization eplased time 15.50 s[0m
=== 2026-08-24T21:34:13+08:00 models/MOSS-TTS-Nano-100M-ONNX/moss_tts_local_fixed_sampled_frame.onnx -> quantized_xslim_dynamic/tts/moss_tts_local_fixed_sampled_frame.q.onnx ===
2026-08-24 21:34:15 | [1m__main__                [0m | [1mINFO    [0m | [1mNo config provided, using default config, dynamic quantization...[0m
2026-08-24 21:34:15 | [1mxslim.xslim_setting     [0m | [1mINFO    [0m | [1mset higher precision level.[0m
2026-08-24 21:34:15 | [1mxslim.xslim_pipeline    [0m | [1mINFO    [0m | [1musing api input onnx model models/MOSS-TTS-Nano-100M-ONNX/moss_tts_local_fixed_sampled_frame.onnx.[0m
2026-08-24 21:34:15 | [1mxslim.xslim_pipeline    [0m | [1mINFO    [0m | [1musing api output path quantized_xslim_dynamic/tts/moss_tts_local_fixed_sampled_frame.q.onnx.[0m
2026-08-24 21:34:20 | [1mxslim.onnx_graph_helper [0m | [1mINFO    [0m | [1msimplify onnx model...[0m
2026-08-24 21:34:33 | [1mxslim.quantizer.dynamic_quantizer[0m | [1mINFO    [0m | [1mquantize onnx model dynamic...[0m
2026-08-24 21:34:41 | [1mxslim.onnx_graph_helper [0m | [1mINFO    [0m | [1msimplify onnx model...[0m
2026-08-24 21:34:49 | [1mxslim.xslim_pipeline    [0m | [1mINFO    [0m | [1mquantization eplased time 33.85 s[0m
=== 2026-08-24T21:34:51+08:00 models/MOSS-TTS-Nano-100M-ONNX/moss_tts_prefill.onnx -> quantized_xslim_dynamic/tts/moss_tts_prefill.q.onnx ===
2026-08-24 21:34:55 | [1m__main__                [0m | [1mINFO    [0m | [1mNo config provided, using default config, dynamic quantization...[0m
2026-08-24 21:34:55 | [1mxslim.xslim_setting     [0m | [1mINFO    [0m | [1mset higher precision level.[0m
2026-08-24 21:34:55 | [1mxslim.xslim_pipeline    [0m | [1mINFO    [0m | [1musing api input onnx model models/MOSS-TTS-Nano-100M-ONNX/moss_tts_prefill.onnx.[0m
2026-08-24 21:34:55 | [1mxslim.xslim_pipeline    [0m | [1mINFO    [0m | [1musing api output path quantized_xslim_dynamic/tts/moss_tts_prefill.q.onnx.[0m
2026-08-24 21:35:05 | [1mxslim.onnx_graph_helper [0m | [1mINFO    [0m | [1msimplify onnx model...[0m
2026-08-24 21:35:15 | [1mxslim.quantizer.dynamic_quantizer[0m | [1mINFO    [0m | [1mquantize onnx model dynamic...[0m
2026-08-24 21:35:19 | [1mxslim.onnx_graph_helper [0m | [1mINFO    [0m | [1msimplify onnx model...[0m
2026-08-24 21:35:26 | [1mxslim.xslim_pipeline    [0m | [1mINFO    [0m | [1mquantization eplased time 30.67 s[0m
=== 2026-08-24T21:35:27+08:00 models/MOSS-Audio-Tokenizer-Nano-ONNX/moss_audio_tokenizer_decode_full.onnx -> quantized_xslim_dynamic/codec/moss_audio_tokenizer_decode_full.q.onnx ===
2026-08-24 21:35:29 | [1m__main__                [0m | [1mINFO    [0m | [1mNo config provided, using default config, dynamic quantization...[0m
2026-08-24 21:35:29 | [1mxslim.xslim_setting     [0m | [1mINFO    [0m | [1mset higher precision level.[0m
2026-08-24 21:35:29 | [1mxslim.xslim_pipeline    [0m | [1mINFO    [0m | [1musing api input onnx model models/MOSS-Audio-Tokenizer-Nano-ONNX/moss_audio_tokenizer_decode_full.onnx.[0m
2026-08-24 21:35:29 | [1mxslim.xslim_pipeline    [0m | [1mINFO    [0m | [1musing api output path quantized_xslim_dynamic/codec/moss_audio_tokenizer_decode_full.q.onnx.[0m
2026-08-24 21:35:31 | [1mxslim.onnx_graph_helper [0m | [1mINFO    [0m | [1msimplify onnx model...[0m
2026-08-24 21:35:33 | [1mxslim.quantizer.dynamic_quantizer[0m | [1mINFO    [0m | [1mquantize onnx model dynamic...[0m
2026-08-24 21:35:34 | [1mxslim.onnx_graph_helper [0m | [1mINFO    [0m | [1msimplify onnx model...[0m
2026-08-24 21:35:35 | [1mxslim.xslim_pipeline    [0m | [1mINFO    [0m | [1mquantization eplased time 6.38 s[0m
=== 2026-08-24T21:35:36+08:00 models/MOSS-Audio-Tokenizer-Nano-ONNX/moss_audio_tokenizer_decode_step.onnx -> quantized_xslim_dynamic/codec/moss_audio_tokenizer_decode_step.q.onnx ===
2026-08-24 21:35:38 | [1m__main__                [0m | [1mINFO    [0m | [1mNo config provided, using default config, dynamic quantization...[0m
2026-08-24 21:35:38 | [1mxslim.xslim_setting     [0m | [1mINFO    [0m | [1mset higher precision level.[0m
2026-08-24 21:35:38 | [1mxslim.xslim_pipeline    [0m | [1mINFO    [0m | [1musing api input onnx model models/MOSS-Audio-Tokenizer-Nano-ONNX/moss_audio_tokenizer_decode_step.onnx.[0m
2026-08-24 21:35:38 | [1mxslim.xslim_pipeline    [0m | [1mINFO    [0m | [1musing api output path quantized_xslim_dynamic/codec/moss_audio_tokenizer_decode_step.q.onnx.[0m
2026-08-24 21:35:40 | [1mxslim.onnx_graph_helper [0m | [1mINFO    [0m | [1msimplify onnx model...[0m
2026-08-24 21:35:42 | [1mxslim.quantizer.dynamic_quantizer[0m | [1mINFO    [0m | [1mquantize onnx model dynamic...[0m
2026-08-24 21:35:44 | [1mxslim.onnx_graph_helper [0m | [1mINFO    [0m | [1msimplify onnx model...[0m
2026-08-24 21:35:45 | [1mxslim.xslim_pipeline    [0m | [1mINFO    [0m | [1mquantization eplased time 7.31 s[0m
=== 2026-08-24T21:35:46+08:00 models/MOSS-Audio-Tokenizer-Nano-ONNX/moss_audio_tokenizer_encode.onnx -> quantized_xslim_dynamic/codec/moss_audio_tokenizer_encode.q.onnx ===
2026-08-24 21:35:48 | [1m__main__                [0m | [1mINFO    [0m | [1mNo config provided, using default config, dynamic quantization...[0m
2026-08-24 21:35:48 | [1mxslim.xslim_setting     [0m | [1mINFO    [0m | [1mset higher precision level.[0m
2026-08-24 21:35:48 | [1mxslim.xslim_pipeline    [0m | [1mINFO    [0m | [1musing api input onnx model models/MOSS-Audio-Tokenizer-Nano-ONNX/moss_audio_tokenizer_encode.onnx.[0m
2026-08-24 21:35:48 | [1mxslim.xslim_pipeline    [0m | [1mINFO    [0m | [1musing api output path quantized_xslim_dynamic/codec/moss_audio_tokenizer_encode.q.onnx.[0m
2026-08-24 21:35:50 | [1mxslim.onnx_graph_helper [0m | [1mINFO    [0m | [1msimplify onnx model...[0m
2026-08-24 21:35:53 | [1mxslim.quantizer.dynamic_quantizer[0m | [1mINFO    [0m | [1mquantize onnx model dynamic...[0m
2026-08-24 21:35:55 | [1mxslim.onnx_graph_helper [0m | [1mINFO    [0m | [1msimplify onnx model...[0m
2026-08-24 21:35:56 | [1mxslim.xslim_pipeline    [0m | [1mINFO    [0m | [1mquantization eplased time 8.30 s[0m
